------------------------------------------------------------
Timing Analyzer Summary
------------------------------------------------------------

Type  : Slow 1100mV 85C Model Setup 'clock'
Slack : -1.642
TNS   : -4.611

Type  : Slow 1100mV 85C Model Hold 'clock'
Slack : 0.543
TNS   : 0.000

Type  : Slow 1100mV 85C Model Minimum Pulse Width 'clock'
Slack : -0.724
TNS   : -4.446

Type  : Slow 1100mV 0C Model Setup 'clock'
Slack : -1.446
TNS   : -4.323

Type  : Slow 1100mV 0C Model Hold 'clock'
Slack : 0.513
TNS   : 0.000

Type  : Slow 1100mV 0C Model Minimum Pulse Width 'clock'
Slack : -0.724
TNS   : -4.438

Type  : Fast 1100mV 85C Model Setup 'clock'
Slack : 0.039
TNS   : 0.000

Type  : Fast 1100mV 85C Model Hold 'clock'
Slack : 0.182
TNS   : 0.000

Type  : Fast 1100mV 85C Model Minimum Pulse Width 'clock'
Slack : -0.090
TNS   : -0.354

Type  : Fast 1100mV 0C Model Setup 'clock'
Slack : 0.127
TNS   : 0.000

Type  : Fast 1100mV 0C Model Hold 'clock'
Slack : 0.170
TNS   : 0.000

Type  : Fast 1100mV 0C Model Minimum Pulse Width 'clock'
Slack : -0.087
TNS   : -0.346

------------------------------------------------------------
